✔ uploads, draft failures and an unstarted attempt do not change official pointers (2.980542ms)
✔ partial R2 copies recover changed YAML even while latest.json still selects the old version (0.919625ms)
✔ partial website promotion restores both pointer sets without touching an unchanged R2 surface (0.729792ms)
✔ both promoted surfaces recover their exact old release metadata (0.93175ms)
✔ another release is never overwritten, and the other affected surface still recovers (0.860333ms)
✔ failed R2 recovery does not suppress website recovery, and stale recovery bytes fail verification (0.958ms)
✔ preexisting inconsistent pointers, an already-selected target and a changed prepared snapshot block promotion (0.586875ms)
✔ an unavailable or mismatched previous archive blocks start before any public write (0.877625ms)
✔ start rereads public pointers after lengthy archive verification and detects a concurrent mutation (0.374625ms)
✔ same-version changes do not belong to this attempt and cannot be overwritten (0.804042ms)
✔ recovery revalidates ownership immediately after archive verification (0.655208ms)
✔ an old regenerated timestamp is not accepted as an exact successful recovery (0.5925ms)
✔ a remotely published final release is reconciled after a lost response without restoring public pointers (0.395541ms)
✔ unknown GitHub commit status refuses rollback, while authoritative absent or draft permits recovery (0.588583ms)
✔ final commit succeeds only after a fresh public status, reviewed installers and both pointer sets are verified (0.47425ms)
✔ published reconciliation refuses missing, extra or changed installer bytes and cannot roll back a committed release (0.837792ms)
✔ R2 expected target metadata is deterministic for this publication attempt (0.220791ms)
✔ all saved references to one previous R2 package agree on hash and known size (0.079583ms)
✔ same-tag public GitHub releases are refused before notes or installers can be overwritten (0.076625ms)
✔ recovery is bound to the exact tagged workflow and publication attempt (0.119666ms)
✔ publication prepares verified draft bytes before promotion, with failure recovery only after a captured attempt (6.159625ms)
✔ website transactional promotion retains the selected archive instead of pruning it (0.12625ms)
✔ a frozen exact installer/update file set is copied without changing bytes (13.764917ms)
▶ file tampering, set mismatches and unsafe filesystem entries fail before output
  ✔ missing (5.187792ms)
  ✔ extra (5.205167ms)
  ✔ nested (3.92025ms)
  ✔ hash (4.568042ms)
  ✔ size (4.466541ms)
  ✔ duplicateArtifact (2.6925ms)
  ✔ symlinkFile (3.966791ms)
  ✔ symlinkDirectory (4.205542ms)
✔ file tampering, set mismatches and unsafe filesystem entries fail before output (34.835333ms)
▶ reviewed manifest rejects candidates, missing/duplicate/extra files and wrong platform
  ✔ candidateBundle (2.620292ms)
  ✔ privateName (2.360583ms)
  ✔ candidateProduct (2.370083ms)
  ✔ missing (3.260833ms)
  ✔ duplicate (2.654958ms)
  ✔ extra (2.762167ms)
  ✔ privateFilename (2.301375ms)
  ✔ wrongVersion (2.49625ms)
  ✔ wrongPlatform (2.566583ms)
  ✔ duplicateArtifactId (2.3025ms)
  ✔ unexpectedArtifact (2.196125ms)
  ✔ wrongHead (2.917916ms)
  ✔ wrongRepo (2.241125ms)
  ✔ wrongWorkflow (2.844875ms)
  ✔ missingDigest (2.603625ms)
✔ reviewed manifest rejects candidates, missing/duplicate/extra files and wrong platform (39.19375ms)
▶ build receipt cannot substitute a different source, candidate or unreviewed bytes
  ✔ head (2.610083ms)
  ✔ run (2.780125ms)
  ✔ attempt (2.924834ms)
  ✔ workflowRef (2.714334ms)
  ✔ missingWorkflowRef (2.104292ms)
  ✔ workflowSha (2.343625ms)
  ✔ notCandidateBuild (3.045042ms)
  ✔ notPublicIdentityBuild (2.549458ms)
  ✔ publishingBuild (2.396791ms)
  ✔ candidateBundle (2.336291ms)
  ✔ privatePackageName (2.498833ms)
  ✔ privateFeed (2.106167ms)
  ✔ identityHead (1.778916ms)
  ✔ missingIntel (1.619166ms)
  ✔ receiptHash (1.807583ms)
  ✔ duplicateFile (1.83575ms)
✔ build receipt cannot substitute a different source, candidate or unreviewed bytes (38.198333ms)
✔ verified output cannot overwrite previous files (6.372875ms)
✔ source provenance requires successful trusted workflow and immutable artifact identities (1.963125ms)
✔ a freeze at the current protected main head uses the real identical comparison shape (1.898458ms)
▶ wrong repository, workflow, source, attempt, failed runs and arbitrary artifacts are rejected
  ✔ workflowId (1.96225ms)
  ✔ workflowPath (1.609125ms)
  ✔ headBranch (1.497292ms)
  ✔ defaultBranch (2.04375ms)
  ✔ unprotectedMain (1.942417ms)
  ✔ malformedMain (1.661625ms)
  ✔ divergentSource (1.421542ms)
  ✔ sourceAheadOfMain (1.441083ms)
  ✔ wrongMergeBase (1.418042ms)
  ✔ wrongComparedSource (1.485959ms)
  ✔ falseIdenticalSource (1.579792ms)
  ✔ fork (1.718959ms)
  ✔ repository (1.587541ms)
  ✔ source (1.657792ms)
  ✔ event (1.814416ms)
  ✔ inProgress (1.936375ms)
  ✔ failed (1.746417ms)
  ✔ rerun (1.612625ms)
  ✔ skippedStability (1.670875ms)
  ✔ ordinaryCandidate (1.86375ms)
  ✔ duplicateBuildJob (1.686833ms)
  ✔ artifactId (1.504541ms)
  ✔ artifactName (1.808334ms)
  ✔ artifactDigest (1.606417ms)
  ✔ artifactExpiry (1.606084ms)
  ✔ artifactRun (1.752417ms)
  ✔ artifactAttempt (1.526792ms)
  ✔ artifactHead (2.032583ms)
  ✔ artifactRepository (1.762791ms)
✔ wrong repository, workflow, source, attempt, failed runs and arbitrary artifacts are rejected (49.805292ms)
✔ receipt generation is limited to private public-identity builds and hashes actual outputs (3.818541ms)
✔ freezing inspects the actual packaged ASAR and updater identity (29.603416ms)
✔ updater report provenance binds the exact freeze, run and retained native bytes (10.632583ms)
✔ retained archive accepts the runner service inspection and both historical readbacks (8.907084ms)
▶ wrong or incomplete native updater workflow and artifacts cannot authorize release
  ✔ fork (0.372084ms)
  ✔ wrongWorkflow (0.246917ms)
  ✔ wrongPath (0.271333ms)
  ✔ featureBranch (0.220542ms)
  ✔ wrongSource (0.198792ms)
  ✔ oldAttempt (0.20725ms)
  ✔ failedRun (0.226916ms)
  ✔ pullRequest (0.219291ms)
  ✔ unprotected (0.220041ms)
  ✔ diverged (0.219042ms)
  ✔ falseIdentical (0.215833ms)
  ✔ skippedJob (0.250125ms)
  ✔ duplicateJob (0.1995ms)
  ✔ skippedNativeStep (0.185417ms)
  ✔ failedRetention (0.188625ms)
  ✔ expiredArtifact (0.210333ms)
  ✔ wrongArtifactId (0.209834ms)
  ✔ wrongArtifactName (0.1965ms)
  ✔ wrongDigest (0.206917ms)
  ✔ oldArtifactRun (0.18725ms)
  ✔ oldArtifactAttempt (0.196709ms)
  ✔ oldArtifactSource (0.192417ms)
  ✔ incompleteJobs (0.218458ms)
✔ wrong or incomplete native updater workflow and artifacts cannot authorize release (5.516042ms)
▶ same-version substituted reports and modified archive bytes are rejected
  ✔ old native report (8.828958ms)
  ✔ rewritten machine declaration (7.151666ms)
  ✔ changed ZIP (3.156334ms)
  ✔ unsafe nested entry (5.347625ms)
✔ same-version substituted reports and modified archive bytes are rejected (24.744458ms)
✔ successful workflow jobs can span multiple API pages (0.348ms)
✔ both real native architectures use their exact report architecture in the artifact name (1.3335ms)
✔ packaged service contracts support both layouts and explicitly labeled baseline compatibility (0.405458ms)
▶ source fallback, unbound or changed services and unsafe dependency identities are rejected
  ✔ targetFallback (0.254125ms)
  ✔ mislabeledTarget (0.220542ms)
  ✔ missingFrozenIdentity (0.22625ms)
  ✔ missingReadbackIdentity (0.18975ms)
  ✔ missingRestartIdentity (0.19425ms)
  ✔ wrongFrozenVersion (0.184542ms)
  ✔ wrongFrozenSource (0.195958ms)
  ✔ wrongServiceSource (0.204542ms)
  ✔ wrongFrozenAsar (0.754167ms)
  ✔ wrongInstalledAsar (0.195583ms)
  ✔ sourceLayout (0.184834ms)
  ✔ changedRestartModule (0.239667ms)
  ✔ changedRestartDependency (0.224042ms)
  ✔ changedRestartServiceTree (0.22825ms)
  ✔ changedRestartDependencyTree (0.234333ms)
  ✔ missingServiceTree (0.201583ms)
  ✔ missingDependencyTree (0.194542ms)
  ✔ missingModule (0.198542ms)
  ✔ wrongModulePath (0.218209ms)
  ✔ wrongModuleHash (0.195041ms)
  ✔ missingNativeDependency (0.200917ms)
  ✔ duplicateDependency (0.205625ms)
  ✔ wrongDependencyHash (0.346166ms)
  ✔ dependencyOutsidePackage (0.382542ms)
  ✔ dependencyWrongPackage (0.270458ms)
  ✔ dependencyNotNative (0.233583ms)
  ✔ wrongSeedVersion (0.254125ms)
  ✔ wrongSeedSource (0.242625ms)
  ✔ unboundSeedSource (0.239667ms)
  ✔ mislabeledSeed (0.234458ms)
  ✔ seedMissingAsar (0.247291ms)
  ✔ unboundSeedPackageSource (0.245917ms)
  ✔ unsafePath:"/host/node_modules/better-sqlite3/index.js" (0.180292ms)
  ✔ unsafePath:"app.asar/../node_modules/better-sqlite3/index.js" (0.179708ms)
  ✔ unsafePath:"app.asar//node_modules/better-sqlite3/index.js" (0.184167ms)
  ✔ unsafePath:"app.asar/./node_modules/better-sqlite3/index.js" (0.361208ms)
  ✔ unsafePath:"app.asar\\node_modules\\better-sqlite3\\index.js" (0.293792ms)
  ✔ unsafePath:"https://host/node_modules/better-sqlite3/index.js" (0.2415ms)
  ✔ unsafePath:"app.asar/node_modules/better-sqlite3/index.js\n" (0.220417ms)
✔ source fallback, unbound or changed services and unsafe dependency identities are rejected (10.237625ms)
✔ stable release workflow cannot be triggered by pushing a version tag (0.151334ms)
✔ stable publication requires an explicit opt-in and a review evidence path (0.162583ms)
✔ release workflow verifies the recorded approval evidence before side effects (0.327084ms)
✔ publication downloads exact reviewed IDs from the verified source run and never rebuilds (0.122959ms)
✔ only an explicit private final-package build records public-identity receipts (0.074708ms)
✔ release source checkout cannot move while stability or acceptance is running (0.064333ms)
✔ stable publication does not inherit write permission globally (0.019833ms)
✔ every job that can mutate stable delivery is dispatch-gated (0.224208ms)
✔ all production website and Stable pointer mutations use the protected environment (0.032666ms)
✔ independent release-control review covers frozen evidence and recovery dependencies (0.28225ms)
✔ approval verifier rejects non-tag refs and missing exact confirmation before reading evidence (0.152917ms)
✔ approval verifier requires a scoped, tracked evidence manifest (0.138ms)
✔ release evidence can follow a frozen reviewed commit without self-referencing its own hash (451.988959ms)
✔ a passing prose updater report without both machine reports blocks release (298.736708ms)
✔ a same-version native report cannot be exchanged after the machine report was recorded (326.355833ms)
▶ the committed updater reports require a matching immutable trusted workflow run
  ✔ missingRun (323.210084ms)
  ✔ changedRun (326.897375ms)
  ✔ changedAttempt (334.487625ms)
  ✔ branchWorkflow (330.245292ms)
  ✔ wrongSource (338.879417ms)
  ✔ unknownArtifact (347.852917ms)
  ✔ noArtifactDigest (325.049833ms)
✔ the committed updater reports require a matching immutable trusted workflow run (2327.195084ms)
▶ updater reports must bind the real official baseline, frozen bytes and completed native path
  ✔ oldSameSourceProbe (323.352875ms)
  ✔ differentTarget (328.731833ms)
  ✔ differentBuildRun (330.399167ms)
  ✔ differentBuildAttempt (318.604792ms)
  ✔ differentSource (339.809917ms)
  ✔ differentArtifactId (318.505458ms)
  ✔ differentFileHash (323.101792ms)
  ✔ differentFileSize (333.155459ms)
  ✔ unpinnedBaseline (333.914584ms)
  ✔ differentZip (322.756334ms)
  ✔ differentManifest (329.977834ms)
  ✔ differentInstalledAsar (316.163875ms)
  ✔ differentUiReviewedAsar (322.4345ms)
  ✔ isolatedCandidateIdentity (339.892291ms)
  ✔ unsignedInstallation (340.087208ms)
  ✔ missingNotarization (347.86925ms)
  ✔ rejectedGatekeeper (335.952ms)
  ✔ differentSigningIdentity (326.060125ms)
  ✔ noStrictProbe (349.189375ms)
  ✔ noIndependentSentinel (338.189958ms)
  ✔ failedHistoricalReadback (339.155792ms)
  ✔ failedRestartReadback (342.259125ms)
  ✔ changedHistoricalSource (329.078458ms)
  ✔ noConfigPreservation (321.9535ms)
  ✔ incompleteDownload (326.4895ms)
  ✔ absentNativeRequests (339.914541ms)
  ✔ incompleteCleanup (321.614625ms)
  ✔ retainedMachineFailure (328.499542ms)
  ✔ nativeBaselineWrong (326.913959ms)
  ✔ nativeTargetWrong (318.873625ms)
  ✔ nativeArchWrong (329.423958ms)
  ✔ browserFallback (339.65ms)
  ✔ userDataLost (328.147625ms)
  ✔ incompleteNativeStages (333.56125ms)
  ✔ legacyStateFallback (332.327334ms)
  ✔ retainedNativeFailure (319.336583ms)
✔ updater reports must bind the real official baseline, frozen bytes and completed native path (11897.882208ms)
✔ the installed UI review must identify its application ASAR hash (254.849333ms)
▶ prose or uncommitted substitutions cannot replace tagged native machine reports
  ✔ plain prose is not a machine report (302.169667ms)
  ✔ uncommitted passing JSON cannot replace a tagged failure (326.495167ms)
  ✔ native machine report must also be a committed file (308.496834ms)
✔ prose or uncommitted substitutions cannot replace tagged native machine reports (937.463459ms)
✔ unknown reviewed commits are rejected (225.853042ms)
✔ a reviewed commit from an unrelated branch is rejected (287.13425ms)
▶ runtime, build, config and non-QA documentation changes require fresh package acceptance
  ✔ src/runtime.js (286.253125ms)
  ✔ scripts/package.cjs (291.971875ms)
  ✔ electron-builder.cjs (289.986708ms)
  ✔ package.json (297.642083ms)
  ✔ .github/workflows/release.yml (311.618959ms)
  ✔ docs/qa-lookalike.md (309.358667ms)
  ✔ docs/reference.md (298.938458ms)
✔ runtime, build, config and non-QA documentation changes require fresh package acceptance (2086.286ms)
▶ public release rejects source-tree target readback and incomplete packaged service identities
  ✔ targetSourceFallback (337.371417ms)
  ✔ targetMislabeledBaseline (324.044667ms)
  ✔ missingFrozenServiceIdentity (328.92475ms)
  ✔ missingReadbackServiceIdentity (323.621083ms)
  ✔ missingRestartServiceIdentity (322.60475ms)
  ✔ differentFrozenServiceVersion (327.673958ms)
  ✔ differentFrozenPackageSource (321.819041ms)
  ✔ differentFrozenServiceSource (325.275083ms)
  ✔ differentFrozenServiceAsar (336.06ms)
  ✔ missingFrozenServiceModule (329.819458ms)
  ✔ changedRestartServiceModule (330.122291ms)
  ✔ changedRestartDependency (335.750709ms)
  ✔ changedRestartServiceTree (330.430625ms)
  ✔ changedRestartDependencyTree (323.196041ms)
  ✔ missingServiceTree (324.753917ms)
  ✔ missingDependencyTree (319.645209ms)
  ✔ dependencyPathEscapesPackage (327.108458ms)
  ✔ dependencyHashMissing (330.928458ms)
  ✔ missingNativeDependency (327.463792ms)
  ✔ changedSeedCompatibilitySource (330.1625ms)
  ✔ unknownSeedService (337.196167ms)
✔ public release rejects source-tree target readback and incomplete packaged service identities (6895.456458ms)
✔ reverting an unreviewed runtime edit does not bypass the release gate (314.438792ms)
✔ merge histories cannot hide unreviewed changes (363.322459ms)
✔ merging only acceptance evidence is allowed after the reviewed source (464.334125ms)
✔ staged evidence and reports absent from the exact tag are rejected (295.35875ms)
✔ symlink reports are rejected as acceptance evidence (280.505625ms)
✔ uncommitted edits cannot replace the tagged manifest (220.20125ms)
✔ uncommitted edits cannot replace the tagged package version (208.222167ms)
✔ evidence paths reject line breaks before writing workflow outputs (253.0345ms)
✔ updater report provenance binds the exact freeze, run and retained native bytes (17.735416ms)
✔ retained archive accepts the runner service inspection and both historical readbacks (12.361667ms)
▶ wrong or incomplete native updater workflow and artifacts cannot authorize release
  ✔ fork (0.591ms)
  ✔ wrongWorkflow (0.579292ms)
  ✔ wrongPath (0.488625ms)
  ✔ featureBranch (0.399083ms)
  ✔ wrongSource (0.505042ms)
  ✔ oldAttempt (0.411625ms)
  ✔ failedRun (0.455667ms)
  ✔ pullRequest (0.372375ms)
  ✔ unprotected (0.273625ms)
  ✔ diverged (0.387291ms)
  ✔ falseIdentical (0.250292ms)
  ✔ skippedJob (0.622125ms)
  ✔ duplicateJob (0.224458ms)
  ✔ skippedNativeStep (0.241333ms)
  ✔ failedRetention (0.299334ms)
  ✔ expiredArtifact (0.282833ms)
  ✔ wrongArtifactId (0.42175ms)
  ✔ wrongArtifactName (0.491834ms)
  ✔ wrongDigest (0.454041ms)
  ✔ oldArtifactRun (0.468583ms)
  ✔ oldArtifactAttempt (0.352334ms)
  ✔ oldArtifactSource (0.444875ms)
  ✔ incompleteJobs (0.41725ms)
✔ wrong or incomplete native updater workflow and artifacts cannot authorize release (10.43075ms)
▶ same-version substituted reports and modified archive bytes are rejected
  ✔ old native report (11.866625ms)
  ✔ rewritten machine declaration (9.673167ms)
  ✔ changed ZIP (4.303417ms)
  ✔ unsafe nested entry (8.293625ms)
✔ same-version substituted reports and modified archive bytes are rejected (34.37ms)
✔ successful workflow jobs can span multiple API pages (0.395667ms)
✔ both real native architectures use their exact report architecture in the artifact name (2.309833ms)
✔ packaged service contracts support both layouts and explicitly labeled baseline compatibility (0.440542ms)
▶ source fallback, unbound or changed services and unsafe dependency identities are rejected
  ✔ targetFallback (0.543709ms)
  ✔ mislabeledTarget (0.453542ms)
  ✔ missingFrozenIdentity (0.29375ms)
  ✔ missingReadbackIdentity (0.288208ms)
  ✔ missingRestartIdentity (0.327833ms)
  ✔ wrongFrozenVersion (0.4665ms)
  ✔ wrongFrozenSource (0.447625ms)
  ✔ wrongServiceSource (0.624209ms)
  ✔ wrongFrozenAsar (0.388792ms)
  ✔ wrongInstalledAsar (0.374666ms)
  ✔ sourceLayout (0.282833ms)
  ✔ changedRestartModule (0.311667ms)
  ✔ changedRestartDependency (0.324125ms)
  ✔ changedRestartServiceTree (0.468458ms)
  ✔ changedRestartDependencyTree (0.672125ms)
  ✔ missingServiceTree (0.452167ms)
  ✔ missingDependencyTree (0.2835ms)
  ✔ missingModule (0.276125ms)
  ✔ wrongModulePath (0.361042ms)
  ✔ wrongModuleHash (0.38275ms)
  ✔ missingNativeDependency (0.365334ms)
  ✔ duplicateDependency (0.581167ms)
  ✔ wrongDependencyHash (0.505041ms)
  ✔ dependencyOutsidePackage (0.34225ms)
  ✔ dependencyWrongPackage (0.369167ms)
  ✔ dependencyNotNative (0.292583ms)
  ✔ wrongSeedVersion (0.761791ms)
  ✔ wrongSeedSource (0.334917ms)
  ✔ unboundSeedSource (0.293958ms)
  ✔ mislabeledSeed (0.332458ms)
  ✔ seedMissingAsar (0.363833ms)
  ✔ unboundSeedPackageSource (0.279583ms)
  ✔ unsafePath:"/host/node_modules/better-sqlite3/index.js" (0.243ms)
  ✔ unsafePath:"app.asar/../node_modules/better-sqlite3/index.js" (0.404084ms)
  ✔ unsafePath:"app.asar//node_modules/better-sqlite3/index.js" (0.289792ms)
  ✔ unsafePath:"app.asar/./node_modules/better-sqlite3/index.js" (0.289125ms)
  ✔ unsafePath:"app.asar\\node_modules\\better-sqlite3\\index.js" (0.271959ms)
  ✔ unsafePath:"https://host/node_modules/better-sqlite3/index.js" (0.239833ms)
  ✔ unsafePath:"app.asar/node_modules/better-sqlite3/index.js\n" (0.301709ms)
✔ source fallback, unbound or changed services and unsafe dependency identities are rejected (16.077041ms)
✔ a frozen exact installer/update file set is copied without changing bytes (9.453584ms)
▶ file tampering, set mismatches and unsafe filesystem entries fail before output
  ✔ missing (4.284ms)
  ✔ extra (4.3065ms)
  ✔ nested (4.455667ms)
  ✔ hash (4.205208ms)
  ✔ size (4.070791ms)
  ✔ duplicateArtifact (2.642875ms)
  ✔ symlinkFile (5.633708ms)
  ✔ symlinkDirectory (4.815667ms)
✔ file tampering, set mismatches and unsafe filesystem entries fail before output (35.138917ms)
▶ reviewed manifest rejects candidates, missing/duplicate/extra files and wrong platform
  ✔ candidateBundle (3.482042ms)
  ✔ privateName (3.230542ms)
  ✔ candidateProduct (2.605916ms)
  ✔ missing (2.509375ms)
  ✔ duplicate (3.038166ms)
  ✔ extra (3.330167ms)
  ✔ privateFilename (3.06625ms)
  ✔ wrongVersion (3.398333ms)
  ✔ wrongPlatform (3.135917ms)
  ✔ duplicateArtifactId (2.080083ms)
  ✔ unexpectedArtifact (2.645333ms)
  ✔ wrongHead (2.986458ms)
  ✔ wrongRepo (3.050459ms)
  ✔ wrongWorkflow (2.983541ms)
  ✔ missingDigest (3.4365ms)
✔ reviewed manifest rejects candidates, missing/duplicate/extra files and wrong platform (45.812958ms)
▶ build receipt cannot substitute a different source, candidate or unreviewed bytes
  ✔ head (3.282708ms)
  ✔ run (3.04925ms)
  ✔ attempt (2.201ms)
  ✔ workflowRef (2.723708ms)
  ✔ missingWorkflowRef (2.044ms)
  ✔ workflowSha (2.373ms)
  ✔ notCandidateBuild (2.799208ms)
  ✔ notPublicIdentityBuild (2.510791ms)
  ✔ publishingBuild (1.979917ms)
  ✔ candidateBundle (1.675666ms)
  ✔ privatePackageName (2.105417ms)
  ✔ privateFeed (2.140292ms)
  ✔ identityHead (2.253667ms)
  ✔ missingIntel (2.657208ms)
  ✔ receiptHash (2.39025ms)
  ✔ duplicateFile (2.120542ms)
✔ build receipt cannot substitute a different source, candidate or unreviewed bytes (39.315584ms)
✔ verified output cannot overwrite previous files (7.499708ms)
✔ source provenance requires successful trusted workflow and immutable artifact identities (3.372625ms)
✔ a freeze at the current protected main head uses the real identical comparison shape (3.474875ms)
▶ wrong repository, workflow, source, attempt, failed runs and arbitrary artifacts are rejected
  ✔ workflowId (2.552125ms)
  ✔ workflowPath (2.754667ms)
  ✔ headBranch (2.229875ms)
  ✔ defaultBranch (2.547ms)
  ✔ unprotectedMain (2.586584ms)
  ✔ malformedMain (2.9195ms)
  ✔ divergentSource (2.054958ms)
  ✔ sourceAheadOfMain (1.731542ms)
  ✔ wrongMergeBase (2.979625ms)
  ✔ wrongComparedSource (2.635916ms)
  ✔ falseIdenticalSource (2.51225ms)
  ✔ fork (2.697292ms)
  ✔ repository (2.412125ms)
  ✔ source (3.249125ms)
  ✔ event (2.662291ms)
  ✔ inProgress (2.59025ms)
  ✔ failed (2.549917ms)
  ✔ rerun (2.858625ms)
  ✔ skippedStability (2.383542ms)
  ✔ ordinaryCandidate (2.413459ms)
  ✔ duplicateBuildJob (2.383875ms)
  ✔ artifactId (2.778625ms)
  ✔ artifactName (2.377708ms)
  ✔ artifactDigest (2.670541ms)
  ✔ artifactExpiry (2.698125ms)
  ✔ artifactRun (2.919208ms)
  ✔ artifactAttempt (2.305959ms)
  ✔ artifactHead (2.27575ms)
  ✔ artifactRepository (2.422417ms)
✔ wrong repository, workflow, source, attempt, failed runs and arbitrary artifacts are rejected (75.498334ms)
✔ receipt generation is limited to private public-identity builds and hashes actual outputs (6.412708ms)
✔ freezing inspects the actual packaged ASAR and updater identity (50.809708ms)
ℹ tests 431
ℹ suites 0
ℹ pass 431
ℹ fail 0
ℹ cancelled 0
ℹ skipped 0
ℹ todo 0
ℹ duration_ms 28911.074375
